Dwarf data remains when specializing! :)
Is also kept for 'pre-specialized' function sum
